MALFORMED LINE WITH NO PATTERN


<<truncated log entry>>
2024-01-15 10:24:01 ERROR Transformer Null value
2024-01-15 CRITICAL SYSTEM DOWN
2024-01-15 10:24:01 ERROR Transformer Null value
INFO Loader File loaded successfully
<<truncated log entry>>
!!! corrupted binary data in stream !!!
<<truncated log entry>>

INFO Loader File loaded successfully
2024-01-15 10:24:01 ERROR Transformer Null value
<<truncated log entry>>
INFO Loader File loaded successfully
INFO Loader File loaded successfully
<<truncated log entry>>
2024-01-15 CRITICAL SYSTEM DOWN
<<truncated log entry>>
!!! corrupted binary data in stream !!!
MALFORMED LINE WITH NO PATTERN

MALFORMED LINE WITH NO PATTERN
INFO Loader File loaded successfully
2024-01-15 CRITICAL SYSTEM DOWN
MALFORMED LINE WITH NO PATTERN
2024-01-15 CRITICAL SYSTEM DOWN
2024-01-15 CRITICAL SYSTEM DOWN
!!! corrupted binary data in stream !!!
!!! corrupted binary data in stream !!!
!!! corrupted binary data in stream !!!
INFO Loader File loaded successfully
INFO Loader File loaded successfully
!!! corrupted binary data in stream !!!
INFO Loader File loaded successfully
2024-01-15 CRITICAL SYSTEM DOWN
MALFORMED LINE WITH NO PATTERN
2024-01-15 10:24:01 ERROR Transformer Null value
INFO Loader File loaded successfully
2024-01-15 CRITICAL SYSTEM DOWN

<<truncated log entry>>
2024-01-15 CRITICAL SYSTEM DOWN
INFO Loader File loaded successfully
MALFORMED LINE WITH NO PATTERN
MALFORMED LINE WITH NO PATTERN
!!! corrupted binary data in stream !!!

<<truncated log entry>>
2024-01-15 CRITICAL SYSTEM DOWN
MALFORMED LINE WITH NO PATTERN
2024-01-15 10:24:01 ERROR Transformer Null value
2024-01-15 10:24:01 ERROR Transformer Null value

2024-01-15 10:24:01 ERROR Transformer Null value
2024-01-15 10:24:01 ERROR Transformer Null value
!!! corrupted binary data in stream !!!
MALFORMED LINE WITH NO PATTERN
2024-01-15 CRITICAL SYSTEM DOWN
<<truncated log entry>>

!!! corrupted binary data in stream !!!

MALFORMED LINE WITH NO PATTERN

<<truncated log entry>>
2024-01-15 10:24:01 ERROR Transformer Null value
2024-01-15 CRITICAL SYSTEM DOWN
2024-01-15 CRITICAL SYSTEM DOWN
<<truncated log entry>>
2024-01-15 CRITICAL SYSTEM DOWN
2024-01-15 CRITICAL SYSTEM DOWN
2024-01-15 10:24:01 ERROR Transformer Null value
MALFORMED LINE WITH NO PATTERN
INFO Loader File loaded successfully
MALFORMED LINE WITH NO PATTERN
!!! corrupted binary data in stream !!!

<<truncated log entry>>
2024-01-15 CRITICAL SYSTEM DOWN
MALFORMED LINE WITH NO PATTERN
2024-01-15 CRITICAL SYSTEM DOWN
!!! corrupted binary data in stream !!!
!!! corrupted binary data in stream !!!
INFO Loader File loaded successfully
!!! corrupted binary data in stream !!!
!!! corrupted binary data in stream !!!
<<truncated log entry>>
<<truncated log entry>>
2024-01-15 CRITICAL SYSTEM DOWN
<<truncated log entry>>
<<truncated log entry>>
!!! corrupted binary data in stream !!!
!!! corrupted binary data in stream !!!
2024-01-15 CRITICAL SYSTEM DOWN
<<truncated log entry>>
MALFORMED LINE WITH NO PATTERN
INFO Loader File loaded successfully
<<truncated log entry>>
2024-01-15 CRITICAL SYSTEM DOWN
INFO Loader File loaded successfully
MALFORMED LINE WITH NO PATTERN
2024-01-15 10:24:01 ERROR Transformer Null value
2024-01-15 CRITICAL SYSTEM DOWN
2024-01-15 10:24:01 ERROR Transformer Null value
2024-01-15 10:24:01 ERROR Transformer Null value
2024-01-15 CRITICAL SYSTEM DOWN
!!! corrupted binary data in stream !!!
2024-01-15 CRITICAL SYSTEM DOWN
MALFORMED LINE WITH NO PATTERN
2024-01-15 CRITICAL SYSTEM DOWN
<<truncated log entry>>
<<truncated log entry>>

MALFORMED LINE WITH NO PATTERN
<<truncated log entry>>
!!! corrupted binary data in stream !!!
2024-01-15 10:24:01 ERROR Transformer Null value
<<truncated log entry>>

INFO Loader File loaded successfully
INFO Loader File loaded successfully
2024-01-15 CRITICAL SYSTEM DOWN
INFO Loader File loaded successfully
MALFORMED LINE WITH NO PATTERN
!!! corrupted binary data in stream !!!
2024-01-15 10:24:01 ERROR Transformer Null value

2024-01-15 CRITICAL SYSTEM DOWN
<<truncated log entry>>
!!! corrupted binary data in stream !!!
